// Vitest Snapshot v1

exports[`Add Hotel > renders correctly 1`] = `
{
  "asFragment": [Function],
  "baseElement": <body>
    <div>
      <div
        class="flex h-screen items-center justify-center pt-[10vh]"
      >
        <form
          class="w-sm-3/4 flex flex-col items-end gap-3 p-9"
        >
          <img
            alt=""
            class="w-sm-6/12 w-4/12 self-center md:hidden"
            src="Hotelzilla-logo.png"
          />
          <h2
            class="w-full text-center text-3xl text-gray-800"
          >
            Add a New Hotel
          </h2>
          <div
            class="w-full"
          >
            <label
              for="name"
            >
              Name
            </label>
            <input
              autocomplete="off"
              class="focus:shadow-outline w-full appearance-none rounded border py-2 px-3 leading-tight text-gray-700 focus:outline-none"
              name="name"
              placeholder="Enter hotel name"
              required=""
              type="text"
              value=""
            />
          </div>
          <div
            class="w-full"
          >
            <label
              for="rating"
            >
              Rating
            </label>
            <input
              autocomplete="off"
              class="focus:shadow-outline w-full appearance-none rounded border py-2 px-3 leading-tight text-gray-700 focus:outline-none"
              max="5"
              min="1"
              name="rating"
              step="0.5"
              type="number"
              value="1"
            />
          </div>
          <div
            class="w-full"
          >
            <label
              for="city"
            >
              Country
            </label>
            <select
              autocomplete="off"
              class="focus:shadow-outline w-full appearance-none rounded border py-2 px-3 leading-tight text-gray-700 focus:outline-none"
              name="city"
              required=""
            >
              <option
                disabled=""
                selected=""
                value="defaultSelect"
              >
                Select a country:
              </option>
            </select>
            <p
              class="hidden w-full text-red-600"
              id="city-error"
            >
              Please enter a valid city name
            </p>
          </div>
          <div
            class="w-full"
          >
            <label
              for="description"
            >
              Description
            </label>
            <textarea
              autocomplete="off"
              class="focus:shadow-outline w-full appearance-none rounded border py-2 px-3 leading-tight text-gray-700 focus:outline-none"
              name="description"
              placeholder="Enter hotel description"
              required=""
              type="text"
            />
          </div>
          <div
            class="w-full"
          >
            <label
              for="image"
            >
              Image
            </label>
            <input
              accept="image/*"
              class="focus:shadow-outline w-full appearance-none rounded border py-2 px-3 leading-tight text-gray-700 focus:outline-none"
              name="image"
              required=""
              type="file"
            />
          </div>
          <button
            class="focus:shadow-outline appearance-none rounded border bg-lime-400 py-2 px-3 leading-tight text-white hover:bg-gray-200 focus:outline-none"
            type="submit"
          >
            Add
          </button>
        </form>
        <i
          class="fa-solid fa-caret-left absolute left-0 bottom-4 rounded-r-full bg-lime-400 py-4 px-6 text-slate-50 hover:bg-lime-500 md:hidden"
        />
      </div>
    </div>
  </body>,
  "container": <div>
    <div
      class="flex h-screen items-center justify-center pt-[10vh]"
    >
      <form
        class="w-sm-3/4 flex flex-col items-end gap-3 p-9"
      >
        <img
          alt=""
          class="w-sm-6/12 w-4/12 self-center md:hidden"
          src="Hotelzilla-logo.png"
        />
        <h2
          class="w-full text-center text-3xl text-gray-800"
        >
          Add a New Hotel
        </h2>
        <div
          class="w-full"
        >
          <label
            for="name"
          >
            Name
          </label>
          <input
            autocomplete="off"
            class="focus:shadow-outline w-full appearance-none rounded border py-2 px-3 leading-tight text-gray-700 focus:outline-none"
            name="name"
            placeholder="Enter hotel name"
            required=""
            type="text"
            value=""
          />
        </div>
        <div
          class="w-full"
        >
          <label
            for="rating"
          >
            Rating
          </label>
          <input
            autocomplete="off"
            class="focus:shadow-outline w-full appearance-none rounded border py-2 px-3 leading-tight text-gray-700 focus:outline-none"
            max="5"
            min="1"
            name="rating"
            step="0.5"
            type="number"
            value="1"
          />
        </div>
        <div
          class="w-full"
        >
          <label
            for="city"
          >
            Country
          </label>
          <select
            autocomplete="off"
            class="focus:shadow-outline w-full appearance-none rounded border py-2 px-3 leading-tight text-gray-700 focus:outline-none"
            name="city"
            required=""
          >
            <option
              disabled=""
              selected=""
              value="defaultSelect"
            >
              Select a country:
            </option>
          </select>
          <p
            class="hidden w-full text-red-600"
            id="city-error"
          >
            Please enter a valid city name
          </p>
        </div>
        <div
          class="w-full"
        >
          <label
            for="description"
          >
            Description
          </label>
          <textarea
            autocomplete="off"
            class="focus:shadow-outline w-full appearance-none rounded border py-2 px-3 leading-tight text-gray-700 focus:outline-none"
            name="description"
            placeholder="Enter hotel description"
            required=""
            type="text"
          />
        </div>
        <div
          class="w-full"
        >
          <label
            for="image"
          >
            Image
          </label>
          <input
            accept="image/*"
            class="focus:shadow-outline w-full appearance-none rounded border py-2 px-3 leading-tight text-gray-700 focus:outline-none"
            name="image"
            required=""
            type="file"
          />
        </div>
        <button
          class="focus:shadow-outline appearance-none rounded border bg-lime-400 py-2 px-3 leading-tight text-white hover:bg-gray-200 focus:outline-none"
          type="submit"
        >
          Add
        </button>
      </form>
      <i
        class="fa-solid fa-caret-left absolute left-0 bottom-4 rounded-r-full bg-lime-400 py-4 px-6 text-slate-50 hover:bg-lime-500 md:hidden"
      />
    </div>
  </div>,
  "debug": [Function],
  "findAllByAltText": [Function],
  "findAllByDisplayValue": [Function],
  "findAllByLabelText": [Function],
  "findAllByPlaceholderText": [Function],
  "findAllByRole": [Function],
  "findAllByTestId": [Function],
  "findAllByText": [Function],
  "findAllByTitle": [Function],
  "findByAltText": [Function],
  "findByDisplayValue": [Function],
  "findByLabelText": [Function],
  "findByPlaceholderText": [Function],
  "findByRole": [Function],
  "findByTestId": [Function],
  "findByText": [Function],
  "findByTitle": [Function],
  "getAllByAltText": [Function],
  "getAllByDisplayValue": [Function],
  "getAllByLabelText": [Function],
  "getAllByPlaceholderText": [Function],
  "getAllByRole": [Function],
  "getAllByTestId": [Function],
  "getAllByText": [Function],
  "getAllByTitle": [Function],
  "getByAltText": [Function],
  "getByDisplayValue": [Function],
  "getByLabelText": [Function],
  "getByPlaceholderText": [Function],
  "getByRole": [Function],
  "getByTestId": [Function],
  "getByText": [Function],
  "getByTitle": [Function],
  "queryAllByAltText": [Function],
  "queryAllByDisplayValue": [Function],
  "queryAllByLabelText": [Function],
  "queryAllByPlaceholderText": [Function],
  "queryAllByRole": [Function],
  "queryAllByTestId": [Function],
  "queryAllByText": [Function],
  "queryAllByTitle": [Function],
  "queryByAltText": [Function],
  "queryByDisplayValue": [Function],
  "queryByLabelText": [Function],
  "queryByPlaceholderText": [Function],
  "queryByRole": [Function],
  "queryByTestId": [Function],
  "queryByText": [Function],
  "queryByTitle": [Function],
  "rerender": [Function],
  "unmount": [Function],
}
`;

exports[`App > renders correctly 1`] = `
{
  "asFragment": [Function],
  "baseElement": <body>
    <div>
      <div
        class="flex h-screen items-center justify-center pt-[10vh]"
      >
        <form
          class="w-sm-3/4 flex flex-col items-end gap-3 p-9"
        >
          <img
            alt=""
            class="w-sm-6/12 w-4/12 self-center md:hidden"
            src="Hotelzilla-logo.png"
          />
          <h2
            class="w-full text-center text-3xl text-gray-800"
          >
            Add a New Hotel
          </h2>
          <div
            class="w-full"
          >
            <label
              for="name"
            >
              Name
            </label>
            <input
              autocomplete="off"
              class="focus:shadow-outline w-full appearance-none rounded border py-2 px-3 leading-tight text-gray-700 focus:outline-none"
              name="name"
              placeholder="Enter hotel name"
              required=""
              type="text"
              value=""
            />
          </div>
          <div
            class="w-full"
          >
            <label
              for="rating"
            >
              Rating
            </label>
            <input
              autocomplete="off"
              class="focus:shadow-outline w-full appearance-none rounded border py-2 px-3 leading-tight text-gray-700 focus:outline-none"
              max="5"
              min="1"
              name="rating"
              step="0.5"
              type="number"
              value="1"
            />
          </div>
          <div
            class="w-full"
          >
            <label
              for="city"
            >
              Country
            </label>
            <select
              autocomplete="off"
              class="focus:shadow-outline w-full appearance-none rounded border py-2 px-3 leading-tight text-gray-700 focus:outline-none"
              name="city"
              required=""
            >
              <option
                disabled=""
                selected=""
                value="defaultSelect"
              >
                Select a country:
              </option>
            </select>
            <p
              class="hidden w-full text-red-600"
              id="city-error"
            >
              Please enter a valid city name
            </p>
          </div>
          <div
            class="w-full"
          >
            <label
              for="description"
            >
              Description
            </label>
            <textarea
              autocomplete="off"
              class="focus:shadow-outline w-full appearance-none rounded border py-2 px-3 leading-tight text-gray-700 focus:outline-none"
              name="description"
              placeholder="Enter hotel description"
              required=""
              type="text"
            />
          </div>
          <div
            class="w-full"
          >
            <label
              for="image"
            >
              Image
            </label>
            <input
              accept="image/*"
              class="focus:shadow-outline w-full appearance-none rounded border py-2 px-3 leading-tight text-gray-700 focus:outline-none"
              name="image"
              required=""
              type="file"
            />
          </div>
          <button
            class="focus:shadow-outline appearance-none rounded border bg-lime-400 py-2 px-3 leading-tight text-white hover:bg-gray-200 focus:outline-none"
            type="submit"
          >
            Add
          </button>
        </form>
        <i
          class="fa-solid fa-caret-left absolute left-0 bottom-4 rounded-r-full bg-lime-400 py-4 px-6 text-slate-50 hover:bg-lime-500 md:hidden"
        />
      </div>
    </div>
  </body>,
  "container": <div>
    <div
      class="flex h-screen items-center justify-center pt-[10vh]"
    >
      <form
        class="w-sm-3/4 flex flex-col items-end gap-3 p-9"
      >
        <img
          alt=""
          class="w-sm-6/12 w-4/12 self-center md:hidden"
          src="Hotelzilla-logo.png"
        />
        <h2
          class="w-full text-center text-3xl text-gray-800"
        >
          Add a New Hotel
        </h2>
        <div
          class="w-full"
        >
          <label
            for="name"
          >
            Name
          </label>
          <input
            autocomplete="off"
            class="focus:shadow-outline w-full appearance-none rounded border py-2 px-3 leading-tight text-gray-700 focus:outline-none"
            name="name"
            placeholder="Enter hotel name"
            required=""
            type="text"
            value=""
          />
        </div>
        <div
          class="w-full"
        >
          <label
            for="rating"
          >
            Rating
          </label>
          <input
            autocomplete="off"
            class="focus:shadow-outline w-full appearance-none rounded border py-2 px-3 leading-tight text-gray-700 focus:outline-none"
            max="5"
            min="1"
            name="rating"
            step="0.5"
            type="number"
            value="1"
          />
        </div>
        <div
          class="w-full"
        >
          <label
            for="city"
          >
            Country
          </label>
          <select
            autocomplete="off"
            class="focus:shadow-outline w-full appearance-none rounded border py-2 px-3 leading-tight text-gray-700 focus:outline-none"
            name="city"
            required=""
          >
            <option
              disabled=""
              selected=""
              value="defaultSelect"
            >
              Select a country:
            </option>
          </select>
          <p
            class="hidden w-full text-red-600"
            id="city-error"
          >
            Please enter a valid city name
          </p>
        </div>
        <div
          class="w-full"
        >
          <label
            for="description"
          >
            Description
          </label>
          <textarea
            autocomplete="off"
            class="focus:shadow-outline w-full appearance-none rounded border py-2 px-3 leading-tight text-gray-700 focus:outline-none"
            name="description"
            placeholder="Enter hotel description"
            required=""
            type="text"
          />
        </div>
        <div
          class="w-full"
        >
          <label
            for="image"
          >
            Image
          </label>
          <input
            accept="image/*"
            class="focus:shadow-outline w-full appearance-none rounded border py-2 px-3 leading-tight text-gray-700 focus:outline-none"
            name="image"
            required=""
            type="file"
          />
        </div>
        <button
          class="focus:shadow-outline appearance-none rounded border bg-lime-400 py-2 px-3 leading-tight text-white hover:bg-gray-200 focus:outline-none"
          type="submit"
        >
          Add
        </button>
      </form>
      <i
        class="fa-solid fa-caret-left absolute left-0 bottom-4 rounded-r-full bg-lime-400 py-4 px-6 text-slate-50 hover:bg-lime-500 md:hidden"
      />
    </div>
  </div>,
  "debug": [Function],
  "findAllByAltText": [Function],
  "findAllByDisplayValue": [Function],
  "findAllByLabelText": [Function],
  "findAllByPlaceholderText": [Function],
  "findAllByRole": [Function],
  "findAllByTestId": [Function],
  "findAllByText": [Function],
  "findAllByTitle": [Function],
  "findByAltText": [Function],
  "findByDisplayValue": [Function],
  "findByLabelText": [Function],
  "findByPlaceholderText": [Function],
  "findByRole": [Function],
  "findByTestId": [Function],
  "findByText": [Function],
  "findByTitle": [Function],
  "getAllByAltText": [Function],
  "getAllByDisplayValue": [Function],
  "getAllByLabelText": [Function],
  "getAllByPlaceholderText": [Function],
  "getAllByRole": [Function],
  "getAllByTestId": [Function],
  "getAllByText": [Function],
  "getAllByTitle": [Function],
  "getByAltText": [Function],
  "getByDisplayValue": [Function],
  "getByLabelText": [Function],
  "getByPlaceholderText": [Function],
  "getByRole": [Function],
  "getByTestId": [Function],
  "getByText": [Function],
  "getByTitle": [Function],
  "queryAllByAltText": [Function],
  "queryAllByDisplayValue": [Function],
  "queryAllByLabelText": [Function],
  "queryAllByPlaceholderText": [Function],
  "queryAllByRole": [Function],
  "queryAllByTestId": [Function],
  "queryAllByText": [Function],
  "queryAllByTitle": [Function],
  "queryByAltText": [Function],
  "queryByDisplayValue": [Function],
  "queryByLabelText": [Function],
  "queryByPlaceholderText": [Function],
  "queryByRole": [Function],
  "queryByTestId": [Function],
  "queryByText": [Function],
  "queryByTitle": [Function],
  "rerender": [Function],
  "unmount": [Function],
}
`;
