// Vitest Snapshot v1

exports[`Hotel Item > renders correctly 1`] = `
{
  "asFragment": [Function],
  "baseElement": <body>
    <div>
      <div
        class="flex items-center"
      >
        <div
          class="flex h-screen items-center justify-center"
        >
          <i
            class="fa-solid fa-caret-left absolute left-0 h-[50px] rounded-r-full bg-gray-200 py-4 px-6 text-slate-50 md:left-[20%] hover:not"
          />
          <div
            class="grid w-10/12 grid-cols-1 gap-3 p-5 md:grid-cols-3 md:grid-rows-1 sm:"
          />
          <i
            class="fa-solid fa-caret-right absolute right-0 h-[50px] rounded-l-full bg-lime-400 py-4 px-6 text-slate-50 hover:not"
          />
        </div>
      </div>
    </div>
  </body>,
  "container": <div>
    <div
      class="flex items-center"
    >
      <div
        class="flex h-screen items-center justify-center"
      >
        <i
          class="fa-solid fa-caret-left absolute left-0 h-[50px] rounded-r-full bg-gray-200 py-4 px-6 text-slate-50 md:left-[20%] hover:not"
        />
        <div
          class="grid w-10/12 grid-cols-1 gap-3 p-5 md:grid-cols-3 md:grid-rows-1 sm:"
        />
        <i
          class="fa-solid fa-caret-right absolute right-0 h-[50px] rounded-l-full bg-lime-400 py-4 px-6 text-slate-50 hover:not"
        />
      </div>
    </div>
  </div>,
  "debug": [Function],
  "findAllByAltText": [Function],
  "findAllByDisplayValue": [Function],
  "findAllByLabelText": [Function],
  "findAllByPlaceholderText": [Function],
  "findAllByRole": [Function],
  "findAllByTestId": [Function],
  "findAllByText": [Function],
  "findAllByTitle": [Function],
  "findByAltText": [Function],
  "findByDisplayValue": [Function],
  "findByLabelText": [Function],
  "findByPlaceholderText": [Function],
  "findByRole": [Function],
  "findByTestId": [Function],
  "findByText": [Function],
  "findByTitle": [Function],
  "getAllByAltText": [Function],
  "getAllByDisplayValue": [Function],
  "getAllByLabelText": [Function],
  "getAllByPlaceholderText": [Function],
  "getAllByRole": [Function],
  "getAllByTestId": [Function],
  "getAllByText": [Function],
  "getAllByTitle": [Function],
  "getByAltText": [Function],
  "getByDisplayValue": [Function],
  "getByLabelText": [Function],
  "getByPlaceholderText": [Function],
  "getByRole": [Function],
  "getByTestId": [Function],
  "getByText": [Function],
  "getByTitle": [Function],
  "queryAllByAltText": [Function],
  "queryAllByDisplayValue": [Function],
  "queryAllByLabelText": [Function],
  "queryAllByPlaceholderText": [Function],
  "queryAllByRole": [Function],
  "queryAllByTestId": [Function],
  "queryAllByText": [Function],
  "queryAllByTitle": [Function],
  "queryByAltText": [Function],
  "queryByDisplayValue": [Function],
  "queryByLabelText": [Function],
  "queryByPlaceholderText": [Function],
  "queryByRole": [Function],
  "queryByTestId": [Function],
  "queryByText": [Function],
  "queryByTitle": [Function],
  "rerender": [Function],
  "unmount": [Function],
}
`;

exports[`Index > renders correctly 1`] = `
{
  "asFragment": [Function],
  "baseElement": <body>
    <div>
      <div
        class="flex items-center"
      >
        <div
          class="flex h-screen items-center justify-center"
        >
          <i
            class="fa-solid fa-caret-left absolute left-0 h-[50px] rounded-r-full bg-gray-200 py-4 px-6 text-slate-50 md:left-[20%] hover:not"
          />
          <div
            class="grid w-10/12 grid-cols-1 gap-3 p-5 md:grid-cols-3 md:grid-rows-1 sm:"
          />
          <i
            class="fa-solid fa-caret-right absolute right-0 h-[50px] rounded-l-full bg-lime-400 py-4 px-6 text-slate-50 hover:not"
          />
        </div>
      </div>
    </div>
  </body>,
  "container": <div>
    <div
      class="flex items-center"
    >
      <div
        class="flex h-screen items-center justify-center"
      >
        <i
          class="fa-solid fa-caret-left absolute left-0 h-[50px] rounded-r-full bg-gray-200 py-4 px-6 text-slate-50 md:left-[20%] hover:not"
        />
        <div
          class="grid w-10/12 grid-cols-1 gap-3 p-5 md:grid-cols-3 md:grid-rows-1 sm:"
        />
        <i
          class="fa-solid fa-caret-right absolute right-0 h-[50px] rounded-l-full bg-lime-400 py-4 px-6 text-slate-50 hover:not"
        />
      </div>
    </div>
  </div>,
  "debug": [Function],
  "findAllByAltText": [Function],
  "findAllByDisplayValue": [Function],
  "findAllByLabelText": [Function],
  "findAllByPlaceholderText": [Function],
  "findAllByRole": [Function],
  "findAllByTestId": [Function],
  "findAllByText": [Function],
  "findAllByTitle": [Function],
  "findByAltText": [Function],
  "findByDisplayValue": [Function],
  "findByLabelText": [Function],
  "findByPlaceholderText": [Function],
  "findByRole": [Function],
  "findByTestId": [Function],
  "findByText": [Function],
  "findByTitle": [Function],
  "getAllByAltText": [Function],
  "getAllByDisplayValue": [Function],
  "getAllByLabelText": [Function],
  "getAllByPlaceholderText": [Function],
  "getAllByRole": [Function],
  "getAllByTestId": [Function],
  "getAllByText": [Function],
  "getAllByTitle": [Function],
  "getByAltText": [Function],
  "getByDisplayValue": [Function],
  "getByLabelText": [Function],
  "getByPlaceholderText": [Function],
  "getByRole": [Function],
  "getByTestId": [Function],
  "getByText": [Function],
  "getByTitle": [Function],
  "queryAllByAltText": [Function],
  "queryAllByDisplayValue": [Function],
  "queryAllByLabelText": [Function],
  "queryAllByPlaceholderText": [Function],
  "queryAllByRole": [Function],
  "queryAllByTestId": [Function],
  "queryAllByText": [Function],
  "queryAllByTitle": [Function],
  "queryByAltText": [Function],
  "queryByDisplayValue": [Function],
  "queryByLabelText": [Function],
  "queryByPlaceholderText": [Function],
  "queryByRole": [Function],
  "queryByTestId": [Function],
  "queryByText": [Function],
  "queryByTitle": [Function],
  "rerender": [Function],
  "unmount": [Function],
}
`;
