// Vitest Snapshot v1

exports[`Sign Up > renders correctly 1`] = `
{
  "asFragment": [Function],
  "baseElement": <body>
    <div>
      <div
        class="flex h-screen w-screen items-center justify-center bg-slate-100"
      >
        <div
          class="absolute top-6 left-6"
        >
          <button
            class="rounded-full border-4 p-2 text-gray-400 md:p-4 "
          >
            <svg
              aria-hidden="true"
              class="MuiSvgIcon-root MuiSvgIcon-fontSizeMedium css-i4bv87-MuiSvgIcon-root"
              data-testid="ArrowBackIcon"
              focusable="false"
              viewBox="0 0 24 24"
            >
              <path
                d="M20 11H7.83l5.59-5.59L12 4l-8 8 8 8 1.41-1.41L7.83 13H20v-2z"
              />
            </svg>
          </button>
        </div>
        <form
          class="w-sm-3/4 flex flex-col gap-2 p-9"
        >
          <header
            class="flex w-full justify-center"
          >
            <div
              class="w-7/12 self-center px-5 sm:w-6/12 md:w-5/12"
            >
              <img
                alt=""
                class="self-center"
                src="Hotelzilla-logo.png"
              />
            </div>
          </header>
          <h2
            class="w-full text-center font-Taxicab text-3xl capitalize text-gray-800"
          >
            Sign up
          </h2>
          <div
            class="w-full"
          >
            <label
              for="name"
            >
              Full Name
            </label>
            <input
              class="focus:shadow-outline w-full appearance-none rounded border py-2 px-3 leading-tight text-gray-700 focus:outline-none"
              id="name"
              name="name"
              placeholder="Enter your full name"
              required=""
              type="text"
              value=""
            />
          </div>
          <div
            class="w-full"
          >
            <label
              for="username"
            >
              Username
            </label>
            <input
              class="focus:shadow-outline w-full appearance-none rounded border py-2 px-3 leading-tight text-gray-700 focus:outline-none"
              id="username"
              name="username"
              placeholder="Enter a username"
              required=""
              type="text"
              value=""
            />
          </div>
          <div
            class="w-full"
          >
            <label
              for="email"
            >
              Email
            </label>
            <input
              class="focus:shadow-outline w-full appearance-none rounded border py-2 px-3 leading-tight text-gray-700 focus:outline-none"
              id="email"
              name="email"
              placeholder="Enter your email"
              required=""
              type="email"
              value=""
            />
          </div>
          <div
            class="w-full"
          >
            <label
              for="name"
            >
              Password
            </label>
            <input
              class="focus:shadow-outline w-full appearance-none rounded border py-2 px-3 leading-tight text-gray-700 focus:outline-none"
              id="password"
              name="password"
              placeholder="Enter your password"
              required=""
              type="password"
              value=""
            />
          </div>
          <div
            class="flex items-center justify-between"
          >
            <label
              class="text-sm"
              for="show-password"
            >
              Show password?
            </label>
            <input
              class="hover:ring-1"
              id="show-password"
              name="show-password"
              type="checkbox"
            />
          </div>
          <button
            class="flex items-center self-end rounded-md bg-lime-400 py-1 px-2 font-bold text-slate-50 hover:bg-lime-500 "
            type="submit"
          >
            <div
              class="ml-5 grow"
            >
              Sign Up
            </div>
            <svg
              class="text-transparent h-5 w-5 animate-spin"
              fill="none"
              viewBox="0 0 24 24"
              xmlns="http:www.w3.org/2000/svg"
            >
              <circle
                class="opacity-25"
                cx="12"
                cy="12"
                r="10"
                stroke="currentColor"
                stroke-width="4"
              />
              <path
                class="opacity-75"
                d="M4 12a8 8 0 018-8V0C5.373 0 0 5.373 0 12h4zm2 5.291A7.962 7.962 0 014 12H0c0 3.042 1.135 5.824 3 7.938l3-2.647z"
                fill="currentColor"
              />
            </svg>
          </button>
        </form>
      </div>
    </div>
  </body>,
  "container": <div>
    <div
      class="flex h-screen w-screen items-center justify-center bg-slate-100"
    >
      <div
        class="absolute top-6 left-6"
      >
        <button
          class="rounded-full border-4 p-2 text-gray-400 md:p-4 "
        >
          <svg
            aria-hidden="true"
            class="MuiSvgIcon-root MuiSvgIcon-fontSizeMedium css-i4bv87-MuiSvgIcon-root"
            data-testid="ArrowBackIcon"
            focusable="false"
            viewBox="0 0 24 24"
          >
            <path
              d="M20 11H7.83l5.59-5.59L12 4l-8 8 8 8 1.41-1.41L7.83 13H20v-2z"
            />
          </svg>
        </button>
      </div>
      <form
        class="w-sm-3/4 flex flex-col gap-2 p-9"
      >
        <header
          class="flex w-full justify-center"
        >
          <div
            class="w-7/12 self-center px-5 sm:w-6/12 md:w-5/12"
          >
            <img
              alt=""
              class="self-center"
              src="Hotelzilla-logo.png"
            />
          </div>
        </header>
        <h2
          class="w-full text-center font-Taxicab text-3xl capitalize text-gray-800"
        >
          Sign up
        </h2>
        <div
          class="w-full"
        >
          <label
            for="name"
          >
            Full Name
          </label>
          <input
            class="focus:shadow-outline w-full appearance-none rounded border py-2 px-3 leading-tight text-gray-700 focus:outline-none"
            id="name"
            name="name"
            placeholder="Enter your full name"
            required=""
            type="text"
            value=""
          />
        </div>
        <div
          class="w-full"
        >
          <label
            for="username"
          >
            Username
          </label>
          <input
            class="focus:shadow-outline w-full appearance-none rounded border py-2 px-3 leading-tight text-gray-700 focus:outline-none"
            id="username"
            name="username"
            placeholder="Enter a username"
            required=""
            type="text"
            value=""
          />
        </div>
        <div
          class="w-full"
        >
          <label
            for="email"
          >
            Email
          </label>
          <input
            class="focus:shadow-outline w-full appearance-none rounded border py-2 px-3 leading-tight text-gray-700 focus:outline-none"
            id="email"
            name="email"
            placeholder="Enter your email"
            required=""
            type="email"
            value=""
          />
        </div>
        <div
          class="w-full"
        >
          <label
            for="name"
          >
            Password
          </label>
          <input
            class="focus:shadow-outline w-full appearance-none rounded border py-2 px-3 leading-tight text-gray-700 focus:outline-none"
            id="password"
            name="password"
            placeholder="Enter your password"
            required=""
            type="password"
            value=""
          />
        </div>
        <div
          class="flex items-center justify-between"
        >
          <label
            class="text-sm"
            for="show-password"
          >
            Show password?
          </label>
          <input
            class="hover:ring-1"
            id="show-password"
            name="show-password"
            type="checkbox"
          />
        </div>
        <button
          class="flex items-center self-end rounded-md bg-lime-400 py-1 px-2 font-bold text-slate-50 hover:bg-lime-500 "
          type="submit"
        >
          <div
            class="ml-5 grow"
          >
            Sign Up
          </div>
          <svg
            class="text-transparent h-5 w-5 animate-spin"
            fill="none"
            viewBox="0 0 24 24"
            xmlns="http:www.w3.org/2000/svg"
          >
            <circle
              class="opacity-25"
              cx="12"
              cy="12"
              r="10"
              stroke="currentColor"
              stroke-width="4"
            />
            <path
              class="opacity-75"
              d="M4 12a8 8 0 018-8V0C5.373 0 0 5.373 0 12h4zm2 5.291A7.962 7.962 0 014 12H0c0 3.042 1.135 5.824 3 7.938l3-2.647z"
              fill="currentColor"
            />
          </svg>
        </button>
      </form>
    </div>
  </div>,
  "debug": [Function],
  "findAllByAltText": [Function],
  "findAllByDisplayValue": [Function],
  "findAllByLabelText": [Function],
  "findAllByPlaceholderText": [Function],
  "findAllByRole": [Function],
  "findAllByTestId": [Function],
  "findAllByText": [Function],
  "findAllByTitle": [Function],
  "findByAltText": [Function],
  "findByDisplayValue": [Function],
  "findByLabelText": [Function],
  "findByPlaceholderText": [Function],
  "findByRole": [Function],
  "findByTestId": [Function],
  "findByText": [Function],
  "findByTitle": [Function],
  "getAllByAltText": [Function],
  "getAllByDisplayValue": [Function],
  "getAllByLabelText": [Function],
  "getAllByPlaceholderText": [Function],
  "getAllByRole": [Function],
  "getAllByTestId": [Function],
  "getAllByText": [Function],
  "getAllByTitle": [Function],
  "getByAltText": [Function],
  "getByDisplayValue": [Function],
  "getByLabelText": [Function],
  "getByPlaceholderText": [Function],
  "getByRole": [Function],
  "getByTestId": [Function],
  "getByText": [Function],
  "getByTitle": [Function],
  "queryAllByAltText": [Function],
  "queryAllByDisplayValue": [Function],
  "queryAllByLabelText": [Function],
  "queryAllByPlaceholderText": [Function],
  "queryAllByRole": [Function],
  "queryAllByTestId": [Function],
  "queryAllByText": [Function],
  "queryAllByTitle": [Function],
  "queryByAltText": [Function],
  "queryByDisplayValue": [Function],
  "queryByLabelText": [Function],
  "queryByPlaceholderText": [Function],
  "queryByRole": [Function],
  "queryByTestId": [Function],
  "queryByText": [Function],
  "queryByTitle": [Function],
  "rerender": [Function],
  "unmount": [Function],
}
`;

exports[`SignUp > renders correctly 1`] = `
{
  "asFragment": [Function],
  "baseElement": <body>
    <div>
      <div
        class="flex h-screen w-screen items-center justify-center bg-slate-100"
      >
        <div
          class="absolute top-6 left-6"
        >
          <button
            class="rounded-full border-4 p-2 text-gray-400 md:p-4 "
          >
            <svg
              aria-hidden="true"
              class="MuiSvgIcon-root MuiSvgIcon-fontSizeMedium css-i4bv87-MuiSvgIcon-root"
              data-testid="ArrowBackIcon"
              focusable="false"
              viewBox="0 0 24 24"
            >
              <path
                d="M20 11H7.83l5.59-5.59L12 4l-8 8 8 8 1.41-1.41L7.83 13H20v-2z"
              />
            </svg>
          </button>
        </div>
        <form
          class="w-sm-3/4 flex flex-col gap-2 p-9"
        >
          <header
            class="flex w-full justify-center"
          >
            <div
              class="w-7/12 self-center px-5 sm:w-6/12 md:w-5/12"
            >
              <img
                alt=""
                class="self-center"
                src="Hotelzilla-logo.png"
              />
            </div>
          </header>
          <h2
            class="w-full text-center font-Taxicab text-3xl capitalize text-gray-800"
          >
            Sign up
          </h2>
          <div
            class="w-full"
          >
            <label
              for="name"
            >
              Full Name
            </label>
            <input
              class="focus:shadow-outline w-full appearance-none rounded border py-2 px-3 leading-tight text-gray-700 focus:outline-none"
              id="name"
              name="name"
              placeholder="Enter your full name"
              required=""
              type="text"
              value=""
            />
          </div>
          <div
            class="w-full"
          >
            <label
              for="username"
            >
              Username
            </label>
            <input
              class="focus:shadow-outline w-full appearance-none rounded border py-2 px-3 leading-tight text-gray-700 focus:outline-none"
              id="username"
              name="username"
              placeholder="Enter a username"
              required=""
              type="text"
              value=""
            />
          </div>
          <div
            class="w-full"
          >
            <label
              for="email"
            >
              Email
            </label>
            <input
              class="focus:shadow-outline w-full appearance-none rounded border py-2 px-3 leading-tight text-gray-700 focus:outline-none"
              id="email"
              name="email"
              placeholder="Enter your email"
              required=""
              type="email"
              value=""
            />
          </div>
          <div
            class="w-full"
          >
            <label
              for="name"
            >
              Password
            </label>
            <input
              class="focus:shadow-outline w-full appearance-none rounded border py-2 px-3 leading-tight text-gray-700 focus:outline-none"
              id="password"
              name="password"
              placeholder="Enter your password"
              required=""
              type="password"
              value=""
            />
          </div>
          <div
            class="flex items-center justify-between"
          >
            <label
              class="text-sm"
              for="show-password"
            >
              Show password?
            </label>
            <input
              class="hover:ring-1"
              id="show-password"
              name="show-password"
              type="checkbox"
            />
          </div>
          <button
            class="flex items-center self-end rounded-md bg-lime-400 py-1 px-2 font-bold text-slate-50 hover:bg-lime-500 "
            type="submit"
          >
            <div
              class="ml-5 grow"
            >
              Sign Up
            </div>
            <svg
              class="text-transparent h-5 w-5 animate-spin"
              fill="none"
              viewBox="0 0 24 24"
              xmlns="http:www.w3.org/2000/svg"
            >
              <circle
                class="opacity-25"
                cx="12"
                cy="12"
                r="10"
                stroke="currentColor"
                stroke-width="4"
              />
              <path
                class="opacity-75"
                d="M4 12a8 8 0 018-8V0C5.373 0 0 5.373 0 12h4zm2 5.291A7.962 7.962 0 014 12H0c0 3.042 1.135 5.824 3 7.938l3-2.647z"
                fill="currentColor"
              />
            </svg>
          </button>
        </form>
      </div>
    </div>
  </body>,
  "container": <div>
    <div
      class="flex h-screen w-screen items-center justify-center bg-slate-100"
    >
      <div
        class="absolute top-6 left-6"
      >
        <button
          class="rounded-full border-4 p-2 text-gray-400 md:p-4 "
        >
          <svg
            aria-hidden="true"
            class="MuiSvgIcon-root MuiSvgIcon-fontSizeMedium css-i4bv87-MuiSvgIcon-root"
            data-testid="ArrowBackIcon"
            focusable="false"
            viewBox="0 0 24 24"
          >
            <path
              d="M20 11H7.83l5.59-5.59L12 4l-8 8 8 8 1.41-1.41L7.83 13H20v-2z"
            />
          </svg>
        </button>
      </div>
      <form
        class="w-sm-3/4 flex flex-col gap-2 p-9"
      >
        <header
          class="flex w-full justify-center"
        >
          <div
            class="w-7/12 self-center px-5 sm:w-6/12 md:w-5/12"
          >
            <img
              alt=""
              class="self-center"
              src="Hotelzilla-logo.png"
            />
          </div>
        </header>
        <h2
          class="w-full text-center font-Taxicab text-3xl capitalize text-gray-800"
        >
          Sign up
        </h2>
        <div
          class="w-full"
        >
          <label
            for="name"
          >
            Full Name
          </label>
          <input
            class="focus:shadow-outline w-full appearance-none rounded border py-2 px-3 leading-tight text-gray-700 focus:outline-none"
            id="name"
            name="name"
            placeholder="Enter your full name"
            required=""
            type="text"
            value=""
          />
        </div>
        <div
          class="w-full"
        >
          <label
            for="username"
          >
            Username
          </label>
          <input
            class="focus:shadow-outline w-full appearance-none rounded border py-2 px-3 leading-tight text-gray-700 focus:outline-none"
            id="username"
            name="username"
            placeholder="Enter a username"
            required=""
            type="text"
            value=""
          />
        </div>
        <div
          class="w-full"
        >
          <label
            for="email"
          >
            Email
          </label>
          <input
            class="focus:shadow-outline w-full appearance-none rounded border py-2 px-3 leading-tight text-gray-700 focus:outline-none"
            id="email"
            name="email"
            placeholder="Enter your email"
            required=""
            type="email"
            value=""
          />
        </div>
        <div
          class="w-full"
        >
          <label
            for="name"
          >
            Password
          </label>
          <input
            class="focus:shadow-outline w-full appearance-none rounded border py-2 px-3 leading-tight text-gray-700 focus:outline-none"
            id="password"
            name="password"
            placeholder="Enter your password"
            required=""
            type="password"
            value=""
          />
        </div>
        <div
          class="flex items-center justify-between"
        >
          <label
            class="text-sm"
            for="show-password"
          >
            Show password?
          </label>
          <input
            class="hover:ring-1"
            id="show-password"
            name="show-password"
            type="checkbox"
          />
        </div>
        <button
          class="flex items-center self-end rounded-md bg-lime-400 py-1 px-2 font-bold text-slate-50 hover:bg-lime-500 "
          type="submit"
        >
          <div
            class="ml-5 grow"
          >
            Sign Up
          </div>
          <svg
            class="text-transparent h-5 w-5 animate-spin"
            fill="none"
            viewBox="0 0 24 24"
            xmlns="http:www.w3.org/2000/svg"
          >
            <circle
              class="opacity-25"
              cx="12"
              cy="12"
              r="10"
              stroke="currentColor"
              stroke-width="4"
            />
            <path
              class="opacity-75"
              d="M4 12a8 8 0 018-8V0C5.373 0 0 5.373 0 12h4zm2 5.291A7.962 7.962 0 014 12H0c0 3.042 1.135 5.824 3 7.938l3-2.647z"
              fill="currentColor"
            />
          </svg>
        </button>
      </form>
    </div>
  </div>,
  "debug": [Function],
  "findAllByAltText": [Function],
  "findAllByDisplayValue": [Function],
  "findAllByLabelText": [Function],
  "findAllByPlaceholderText": [Function],
  "findAllByRole": [Function],
  "findAllByTestId": [Function],
  "findAllByText": [Function],
  "findAllByTitle": [Function],
  "findByAltText": [Function],
  "findByDisplayValue": [Function],
  "findByLabelText": [Function],
  "findByPlaceholderText": [Function],
  "findByRole": [Function],
  "findByTestId": [Function],
  "findByText": [Function],
  "findByTitle": [Function],
  "getAllByAltText": [Function],
  "getAllByDisplayValue": [Function],
  "getAllByLabelText": [Function],
  "getAllByPlaceholderText": [Function],
  "getAllByRole": [Function],
  "getAllByTestId": [Function],
  "getAllByText": [Function],
  "getAllByTitle": [Function],
  "getByAltText": [Function],
  "getByDisplayValue": [Function],
  "getByLabelText": [Function],
  "getByPlaceholderText": [Function],
  "getByRole": [Function],
  "getByTestId": [Function],
  "getByText": [Function],
  "getByTitle": [Function],
  "queryAllByAltText": [Function],
  "queryAllByDisplayValue": [Function],
  "queryAllByLabelText": [Function],
  "queryAllByPlaceholderText": [Function],
  "queryAllByRole": [Function],
  "queryAllByTestId": [Function],
  "queryAllByText": [Function],
  "queryAllByTitle": [Function],
  "queryByAltText": [Function],
  "queryByDisplayValue": [Function],
  "queryByLabelText": [Function],
  "queryByPlaceholderText": [Function],
  "queryByRole": [Function],
  "queryByTestId": [Function],
  "queryByText": [Function],
  "queryByTitle": [Function],
  "rerender": [Function],
  "unmount": [Function],
}
`;
